Microchip MPLAB XC8 Compiler V2.45

Linker command line:

-W-3 \
  --edf=/Users/rodrigobaeta/.mchp_packs/Microchip/PIC18F-K_DFP/1.13.292/xc8/pic/dat/20231012153220_en.msgs \
  -pivt0x8=08h -cn \
  -h+dist/default/production/Heat_Controller.X.production.sym \
  --cmf=dist/default/production/Heat_Controller.X.production.cmf -z \
  -Q18F26K42 -o/tmp/xcWfQFxGu/driver_tmp_3.o --defsym=__MPLAB_BUILD=1 \
  --fixupoverflow=error \
  -Mdist/default/production/Heat_Controller.X.production.map \
  --md=/tmp/xcWfQFxGu/driver_tmp_0.dat -E1 -ver=XC8 Compiler --acfsm=1493 \
  -ACODE=00h-0FFFFh -ACONST=00h-0FFFFh -ASMALLCONST=01000h-010FFhx240 \
  -AMEDIUMCONST=01000h-0FFFFh -ACOMRAM=01h-05Fh -AABS1=00h-0FFFh \
  -ABIGRAM=01h-0FFFh -ARAM=060h-0FFh,0100h-01FFhx15 -ABANK0=060h-0FFh \
  -ABANK1=0100h-01FFh -ABANK2=0200h-02FFh -ABANK3=0300h-03FFh \
  -ABANK4=0400h-04FFh -ABANK5=0500h-05FFh -ABANK6=0600h-06FFh \
  -ABANK7=0700h-07FFh -ABANK8=0800h-08FFh -ABANK9=0900h-09FFh \
  -ABANK10=0A00h-0AFFh -ABANK11=0B00h-0BFFh -ABANK12=0C00h-0CFFh \
  -ABANK13=0D00h-0DFFh -ABANK14=0E00h-0EFFh -ABANK15=0F00h-0FFFh \
  -ASFR=03800h-038FFhx7,03F00h-03F5Fh,03F60h-03FFFh -ABIGSFR=03800h-03FFFh \
  -ACONFIG=0300000h-0300009h -AIDLOC=0200000h-020000Fh \
  -AEEDATA=0310000h-03103FFh -peeprom_data=EEDATA -preset_vec=00h \
  -ppowerup=CODE,init -pramtop=01000h -psmallconst=SMALLCONST \
  -pmediumconst=MEDIUMCONST -pconst=CONST -AFARRAM=00h-00h \
  -prdata=COMRAM,nvrram=COMRAM,nvbit=COMRAM,rbss=COMRAM,rbit=COMRAM \
  -pfarbss=FARRAM,fardata=FARRAM,nvFARRAM=FARRAM \
  -pintsave_regs=BIGRAM,bigbss=BIGRAM,bigdata=BIGRAM -pbss=RAM \
  -pidata=CODE,irdata=CODE,ibigdata=CODE,ifardata=CODE -prparam=COMRAM \
  /tmp/xcWfQFxGu/driver_tmp_9.o \
  dist/default/production/Heat_Controller.X.production.o 

Object code version is 3.11

Machine type is 18F26K42



                Name                               Link     Load   Length Selector   Space Scale
/tmp/xcWfQFxGu/driver_tmp_9.o
                config                           300000   300000        A        0       4
                init                                 AE       AE        4        4       0
                reset_vec                             0        0        4        0       0
dist/default/production/Heat_Controller.X.production.o
                config                           300000   300000        A        0       4
                smallconst                         1000     1000        2      800       0
                ivt0x8                                8        8       A6        4       0
                text7                              1204     1204       1A      801       0
                text6                              1088     1088       78      801       0
                text5                              11B0     11B0       30      801       0
                text4                              11E0     11E0       24      801       0
                text3                              1224     1224        4      801       0
                text2                              121E     121E        6      801       0
                text1                              1002     1002       86      801       0
                text0                              1100     1100       76      801       0
                cstackCOMRAM                          A        A        3        1       1
                dataCOMRAM                            D        D        2        1       1
                bssCOMRAM                             1        1        9        1       1
                cinit                              1176     1176       3A      801       0
                idataCOMRAM                        1228     1228        2      801       0

TOTAL           Name                               Link     Load   Length     Space
        CLASS   CODE           
                init                                 AE       AE        4         0
                reset_vec                             0        0        4         0
                ivt0x8                                8        8       A6         0
                text7                              1204     1204       1A         0
                text6                              1088     1088       78         0
                text5                              11B0     11B0       30         0
                text4                              11E0     11E0       24         0
                text3                              1224     1224        4         0
                text2                              121E     121E        6         0
                text1                              1002     1002       86         0
                text0                              1100     1100       76         0
                cinit                              1176     1176       3A         0
                idataCOMRAM                        1228     1228        2         0

        CLASS   CONST          

        CLASS   SMALLCONST     
                smallconst                         1000     1000        2         0

        CLASS   MEDIUMCONST    

        CLASS   COMRAM         
                cstackCOMRAM                          A        A        3         1
                dataCOMRAM                            D        D        2         1
                bssCOMRAM                             1        1        9         1

        CLASS   ABS1           

        CLASS   BIGRAM         

        CLASS   RAM            

        CLASS   BANK0          

        CLASS   BANK1          

        CLASS   BANK2          

        CLASS   BANK3          

        CLASS   BANK4          

        CLASS   BANK5          

        CLASS   BANK6          

        CLASS   BANK7          

        CLASS   BANK8          

        CLASS   BANK9          

        CLASS   BANK10         

        CLASS   BANK11         

        CLASS   BANK12         

        CLASS   BANK13         

        CLASS   BANK14         

        CLASS   BANK15         

        CLASS   SFR            

        CLASS   BIGSFR         

        CLASS   CONFIG         
                config                           300000   300000        A         4

        CLASS   IDLOC          

        CLASS   EEDATA         

        CLASS   FARRAM         

        CLASS   HEAP           

        CLASS   STACK          



SEGMENTS        Name                           Load    Length   Top    Selector   Space  Class

                reset_vec                      000000  000004  000004         0       0  CODE    
                text1                          001002  000228  00122A       801       0  CODE    
                ivt0x8                         000008  0000AA  0000B2         4       0  CODE    
                bssCOMRAM                      000001  00000E  00000F         1       1  COMRAM  
                smallconst                     001000  000002  001002       800       0  SMALLCON


UNUSED ADDRESS RANGES

        Name                Unused          Largest block    Delta
        BANK0            000060-0000FF               A0
        BANK1            000100-0001FF              100
        BANK10           000A00-000AFF              100
        BANK11           000B00-000BFF              100
        BANK12           000C00-000CFF              100
        BANK13           000D00-000DFF              100
        BANK14           000E00-000EFF              100
        BANK15           000F00-000FFF              100
        BANK2            000200-0002FF              100
        BANK3            000300-0003FF              100
        BANK4            000400-0004FF              100
        BANK5            000500-0005FF              100
        BANK6            000600-0006FF              100
        BANK7            000700-0007FF              100
        BANK8            000800-0008FF              100
        BANK9            000900-0009FF              100
        BIGRAM           00000F-000FFF              FF1
        BIGSFR           003800-003FFF              800
        CODE             000004-000007                4
                         0000B2-000FFF              F4E
                         00122A-00FFFF             EDD6
        COMRAM           00000F-00005F               51
        CONST            000004-000007                4
                         0000B2-000FFF              F4E
                         00122A-00FFFF             EDD6
        EEDATA           310000-3103FF              400
        IDLOC            200000-20000F               10
        MEDIUMCONST      00122A-00FFFF             EDD6
        RAM              000060-000FFF              100
        SFR              003800-003FFF              100
        SMALLCONST       00122A-00FFFF              100

                                  Symbol Table

ADC_ISR@adc_value_high           cstackCOMRAM 00000A
IVTBASEH                         (abs)        003FD6
IVTBASEL                         (abs)        003FD5
IVTBASEU                         (abs)        003FD7
TMR0_ISR@counter_100_ms          dataCOMRAM   00000D
TMR0_ISR@counter_1_s             dataCOMRAM   00000E
_ADCLKbits                       (abs)        003EFF
_ADCON0bits                      (abs)        003EF8
_ADCON1bits                      (abs)        003EF9
_ADC_ISR                         text7        001204
_ADPCHbits                       (abs)        003EF1
_ADRESH                          (abs)        003EF0
_ADRESL                          (abs)        003EEF
_ANSELA                          (abs)        003A40
_ANSELB                          (abs)        003A50
_INTCON0bits                     (abs)        003FD2
_LATA                            (abs)        003FBA
_LATAbits                        (abs)        003FBA
_LATB                            (abs)        003FBB
_PIE1bits                        (abs)        003991
_PIE3bits                        (abs)        003993
_PIR1bits                        (abs)        0039A1
_PIR3bits                        (abs)        0039A3
_T0CON0bits                      (abs)        003FB8
_T0CON1bits                      (abs)        003FB9
_TMR0                            (abs)        003FB6
_TMR0_ISR                        text6        001088
_TRISA                           (abs)        003FC2
_TRISB                           (abs)        003FC3
__HRAM                           (abs)        000000
__H__absolute__                  __absolute__ 000000
__Habs1                          abs1         000000
__Hbank0                         bank0        000000
__Hbank1                         bank1        000000
__Hbank10                        bank10       000000
__Hbank11                        bank11       000000
__Hbank12                        bank12       000000
__Hbank13                        bank13       000000
__Hbank14                        bank14       000000
__Hbank15                        bank15       000000
__Hbank2                         bank2        000000
__Hbank3                         bank3        000000
__Hbank4                         bank4        000000
__Hbank5                         bank5        000000
__Hbank6                         bank6        000000
__Hbank7                         bank7        000000
__Hbank8                         bank8        000000
__Hbank9                         bank9        000000
__Hbigbss                        bigbss       000000
__Hbigdata                       bigdata      000000
__Hbigram                        bigram       000000
__Hbigsfr                        bigsfr       000000
__Hbss                           bss          000000
__HbssCOMRAM                     bssCOMRAM    000000
__Hcinit                         cinit        000000
__Hclrtext                       clrtext      000000
__Hcomram                        comram       000000
__Hconfig                        config       30000A
__Hconst                         const        000000
__HcstackCOMRAM                  cstackCOMRAM 000000
__Hdata                          data         000000
__HdataCOMRAM                    dataCOMRAM   000000
__Heeprom_data                   eeprom_data  000000
__Hfarbss                        farbss       000000
__Hfardata                       fardata      000000
__Hheap                          heap         000000
__Hibigdata                      ibigdata     000000
__Hidata                         idata        000000
__HidataCOMRAM                   idataCOMRAM  000000
__Hidloc                         idloc        000000
__Hifardata                      ifardata     000000
__Hinit                          init         0000B2
__Hintsave_regs                  intsave_regs 000000
__Hirdata                        irdata       000000
__Hivt0x8                        ivt0x8       0000AE
__Hmediumconst                   mediumconst  000000
__HnvFARRAM                      nvFARRAM     000000
__Hnvbit                         nvbit        000000
__Hnvrram                        nvrram       000000
__Hparam                         rparam       000000
__Hpowerup                       powerup      000000
__Hram                           ram          000000
__Hramtop                        ramtop       001000
__Hrbit                          rbit         000000
__Hrbss                          rbss         000000
__Hrdata                         rdata        000000
__Hreset_vec                     reset_vec    000004
__Hrparam                        rparam       000000
__Hsfr                           sfr          000000
__Hsmallconst                    smallconst   001002
__Hspace_0                       (abs)        00122A
__Hspace_1                       (abs)        00000F
__Hspace_2                       (abs)        000000
__Hspace_4                       (abs)        60000A
__Hstack                         stack        000000
__Hstruct                        struct       000000
__Htemp                          temp         000000
__Htext                          text         000000
__Htext0                         text0        000000
__Htext1                         text1        000000
__Htext2                         text2        000000
__Htext3                         text3        000000
__Htext4                         text4        000000
__Htext5                         text5        000000
__Htext6                         text6        000000
__Htext7                         text7        000000
__LRAM                           (abs)        000001
__L__absolute__                  __absolute__ 000000
__Labs1                          abs1         000000
__Lbank0                         bank0        000000
__Lbank1                         bank1        000000
__Lbank10                        bank10       000000
__Lbank11                        bank11       000000
__Lbank12                        bank12       000000
__Lbank13                        bank13       000000
__Lbank14                        bank14       000000
__Lbank15                        bank15       000000
__Lbank2                         bank2        000000
__Lbank3                         bank3        000000
__Lbank4                         bank4        000000
__Lbank5                         bank5        000000
__Lbank6                         bank6        000000
__Lbank7                         bank7        000000
__Lbank8                         bank8        000000
__Lbank9                         bank9        000000
__Lbigbss                        bigbss       000000
__Lbigdata                       bigdata      000000
__Lbigram                        bigram       000000
__Lbigsfr                        bigsfr       000000
__Lbss                           bss          000000
__LbssCOMRAM                     bssCOMRAM    000000
__Lcinit                         cinit        000000
__Lclrtext                       clrtext      000000
__Lcomram                        comram       000000
__Lconfig                        config       000000
__Lconst                         const        000000
__LcstackCOMRAM                  cstackCOMRAM 000000
__Ldata                          data         000000
__LdataCOMRAM                    dataCOMRAM   000000
__Leeprom_data                   eeprom_data  000000
__Lfarbss                        farbss       000000
__Lfardata                       fardata      000000
__Lheap                          heap         000000
__Libigdata                      ibigdata     000000
__Lidata                         idata        000000
__LidataCOMRAM                   idataCOMRAM  000000
__Lidloc                         idloc        000000
__Lifardata                      ifardata     000000
__Linit                          init         0000AE
__Lintsave_regs                  intsave_regs 000000
__Lirdata                        irdata       000000
__Livt0x8                        ivt0x8       000008
__Lmediumconst                   mediumconst  000000
__LnvFARRAM                      nvFARRAM     000000
__Lnvbit                         nvbit        000000
__Lnvrram                        nvrram       000000
__Lparam                         rparam       000000
__Lpowerup                       powerup      000000
__Lram                           ram          000000
__Lramtop                        ramtop       001000
__Lrbit                          rbit         000000
__Lrbss                          rbss         000000
__Lrdata                         rdata        000000
__Lreset_vec                     reset_vec    000000
__Lrparam                        rparam       000000
__Lsfr                           sfr          000000
__Lsmallconst                    smallconst   001000
__Lspace_0                       (abs)        000000
__Lspace_1                       (abs)        000000
__Lspace_2                       (abs)        000000
__Lspace_4                       (abs)        000000
__Lstack                         stack        000000
__Lstruct                        struct       000000
__Ltemp                          temp         000000
__Ltext                          text         000000
__Ltext0                         text0        000000
__Ltext1                         text1        000000
__Ltext2                         text2        000000
__Ltext3                         text3        000000
__Ltext4                         text4        000000
__Ltext5                         text5        000000
__Ltext6                         text6        000000
__Ltext7                         text7        000000
__S0                             (abs)        00122A
__S1                             (abs)        00000F
__S4                             (abs)        000000
__S5                             (abs)        000000
___heap_hi                       (abs)        000000
___heap_lo                       (abs)        000000
___inthi_sp                      stack        000000
___inthi_stack_hi                stack        000000
___inthi_stack_lo                stack        000000
___intlo_sp                      stack        000000
___intlo_stack_hi                stack        000000
___intlo_stack_lo                stack        000000
___param_bank                    (abs)        000000
___rparam_used                   (abs)        000001
___sp                            stack        000000
___stack_hi                      stack        000000
___stack_lo                      stack        000000
__accesstop                      (abs)        000060
__activetblptr                   (abs)        000000
__end_of_ADC_ISR                 text7        00121E
__end_of_TMR0_ISR                text6        001100
__end_of__initialization         cinit        0011AA
__end_of_init_adc                text5        0011E0
__end_of_init_timers             text4        001204
__end_of_isr_disable             text3        001228
__end_of_isr_enable              text2        001224
__end_of_main                    text0        001176
__end_of_set_local_timer_flags   text1        001088
__initialization                 cinit        001176
__mediumconst                    mediumconst  000000
__pbssCOMRAM                     bssCOMRAM    000001
__pcinit                         cinit        001176
__pcstackCOMRAM                  cstackCOMRAM 00000A
__pdataCOMRAM                    dataCOMRAM   00000D
__pidataCOMRAM                   idataCOMRAM  001228
__pivt0x8                        ivt0x8       000008
__psmallconst                    smallconst   001000
__ptext0                         text0        001100
__ptext1                         text1        001002
__ptext2                         text2        00121E
__ptext3                         text3        001224
__ptext4                         text4        0011E0
__ptext5                         text5        0011B0
__ptext6                         text6        001088
__ptext7                         text7        001204
__ramtop                         ramtop       001000
__smallconst                     smallconst   001000
_flag_100_ms                     bssCOMRAM    000008
_flag_10_ms                      bssCOMRAM    000009
_flag_1_s                        bssCOMRAM    000007
_init_adc                        text5        0011B0
_init_timers                     text4        0011E0
_isr_disable                     text3        001224
_isr_enable                      text2        00121E
_main                            text0        001100
_set_local_timer_flags           text1        001002
_timers                          bssCOMRAM    000001
end_of_initialization            cinit        0011AA
intlevel0                        text         000000
intlevel1                        text         000000
intlevel2                        text         000000
intlevel3                        text         000000
isa$std                          (abs)        000001
isa$xinst                        (abs)        000000
ivt0x8_base                      ivt0x8       000008
ivt0x8_undefint                  ivt0x8       0000AC
set_local_timer_flags@old_100_ms bssCOMRAM    000005
set_local_timer_flags@old_10_ms  bssCOMRAM    000006
set_local_timer_flags@old_1_s    bssCOMRAM    000004
stackhi                          (abs)        000000
stacklo                          (abs)        000000
start                            init         0000AE
start_initialization             cinit        001176


MODULE INFORMATION

Module		Function		Class		Link	Load	Size
adc.c
		_init_adc      		CODE           	11B0	0000	48

adc.c estimated size: 48

isr.c
		_isr_disable   		CODE           	1224	0000	4
		_init_timers   		CODE           	11E0	0000	36
		_isr_enable    		CODE           	121E	0000	6
		_ADC_ISR       		CODE           	1204	0000	26
		_TMR0_ISR      		CODE           	1088	0000	120

isr.c estimated size: 192

shared
		__initialization		CODE           	1176	0000	52

shared estimated size: 52

main.c
		_main          		CODE           	1100	0000	118
		_set_local_timer_flags		CODE           	1002	0000	134

main.c estimated size: 252

