Microchip MPLAB XC8 Compiler V2.45

Linker command line:

-W-3 \
  --edf=/Users/rodrigobaeta/.mchp_packs/Microchip/PIC18F-K_DFP/1.13.292/xc8/pic/dat/20231012153220_en.msgs \
  -pivt0x8=08h -cn -h+dist/default/debug/Heat_Controller.X.debug.sym \
  --cmf=dist/default/debug/Heat_Controller.X.debug.cmf -z -Q18F26K42 \
  -o/tmp/xcOjYephg/driver_tmp_3.o --defsym=__MPLAB_BUILD=1 \
  --fixupoverflow=error -Mdist/default/debug/Heat_Controller.X.debug.map \
  --md=/tmp/xcOjYephg/driver_tmp_0.dat -E1 -ver=XC8 Compiler --acfsm=1493 \
  -ACODE=00h-0FFFFh -ACONST=00h-0FFFFh -ASMALLCONST=01000h-010FFhx240 \
  -AMEDIUMCONST=01000h-0FFFFh -ACOMRAM=01h-05Fh -AABS1=00h-0FFFh \
  -ABIGRAM=01h-0FFFh -ARAM=060h-0FFh,0100h-01FFhx15 -ABANK0=060h-0FFh \
  -ABANK1=0100h-01FFh -ABANK2=0200h-02FFh -ABANK3=0300h-03FFh \
  -ABANK4=0400h-04FFh -ABANK5=0500h-05FFh -ABANK6=0600h-06FFh \
  -ABANK7=0700h-07FFh -ABANK8=0800h-08FFh -ABANK9=0900h-09FFh \
  -ABANK10=0A00h-0AFFh -ABANK11=0B00h-0BFFh -ABANK12=0C00h-0CFFh \
  -ABANK13=0D00h-0DFFh -ABANK14=0E00h-0EFFh -ABANK15=0F00h-0FFFh \
  -ASFR=03800h-038FFhx7,03F00h-03F5Fh,03F60h-03FFFh -ABIGSFR=03800h-03FFFh \
  -ACONFIG=0300000h-0300009h -AIDLOC=0200000h-020000Fh \
  -AEEDATA=0310000h-03103FFh -peeprom_data=EEDATA -preset_vec=00h \
  -ppowerup=CODE,init -pramtop=01000h -psmallconst=SMALLCONST \
  -pmediumconst=MEDIUMCONST -pconst=CONST -AFARRAM=00h-00h \
  -prdata=COMRAM,nvrram=COMRAM,nvbit=COMRAM,rbss=COMRAM,rbit=COMRAM \
  -pfarbss=FARRAM,fardata=FARRAM,nvFARRAM=FARRAM \
  -pintsave_regs=BIGRAM,bigbss=BIGRAM,bigdata=BIGRAM -pbss=RAM \
  -pidata=CODE,irdata=CODE,ibigdata=CODE,ifardata=CODE -prparam=COMRAM \
  /tmp/xcOjYephg/driver_tmp_9.o \
  dist/default/debug/Heat_Controller.X.debug.o 

Object code version is 3.11

Machine type is 18F26K42



                Name                               Link     Load   Length Selector   Space Scale
/tmp/xcOjYephg/driver_tmp_9.o
                config                           300000   300000        A        0       4
                init                                 AE       AE        4        4       0
                reset_vec                             0        0        4        0       0
dist/default/debug/Heat_Controller.X.debug.o
                config                           300000   300000        A        0       4
                smallconst                         1000     1000        2      800       0
                ivt0x8                                8        8       A6        4       0
                text10                             1450     1450      39A      801       0
                text9                              1002     1002      44E      801       0
                text8                              17EA     17EA      1B4      801       0
                text7                              19A0     19A0      12E      668       0
                text6                              1BD0     1BD0       78      6F4       0
                text5                              1C86     1C86       30      6F4       0
                text4                              1CB6     1CB6       24      6F4       0
                text3                              1CE0     1CE0        4      6F4       0
                text2                              1CDA     1CDA        6      6F4       0
                text1                              1ACE     1ACE       86      668       0
                text0                              1B54     1B54       7A      668       0
                cstackCOMRAM                          1        1       44        1       1
                cstackBANK0                          60       60        1       60       1
                dataCOMRAM                           59       59        2        1       1
                bssCOMRAM                            45       45       14        1       1
                cinit                              1C48     1C48       3E      6F4       0
                idataCOMRAM                        1CE4     1CE4        2      6F4       0

TOTAL           Name                               Link     Load   Length     Space
        CLASS   CODE           
                init                                 AE       AE        4         0
                reset_vec                             0        0        4         0
                ivt0x8                                8        8       A6         0
                text10                             1450     1450      39A         0
                text9                              1002     1002      44E         0
                text8                              17EA     17EA      1B4         0
                text7                              19A0     19A0      12E         0
                text6                              1BD0     1BD0       78         0
                text5                              1C86     1C86       30         0
                text4                              1CB6     1CB6       24         0
                text3                              1CE0     1CE0        4         0
                text2                              1CDA     1CDA        6         0
                text1                              1ACE     1ACE       86         0
                text0                              1B54     1B54       7A         0
                cinit                              1C48     1C48       3E         0
                idataCOMRAM                        1CE4     1CE4        2         0

        CLASS   CONST          

        CLASS   SMALLCONST     
                smallconst                         1000     1000        2         0

        CLASS   MEDIUMCONST    

        CLASS   COMRAM         
                cstackCOMRAM                          1        1       44         1
                dataCOMRAM                           59       59        2         1
                bssCOMRAM                            45       45       14         1

        CLASS   ABS1           

        CLASS   BIGRAM         

        CLASS   RAM            

        CLASS   BANK0          
                cstackBANK0                          60       60        1         1

        CLASS   BANK1          

        CLASS   BANK2          

        CLASS   BANK3          

        CLASS   BANK4          

        CLASS   BANK5          

        CLASS   BANK6          

        CLASS   BANK7          

        CLASS   BANK8          

        CLASS   BANK9          

        CLASS   BANK10         

        CLASS   BANK11         

        CLASS   BANK12         

        CLASS   BANK13         

        CLASS   BANK14         

        CLASS   BANK15         

        CLASS   SFR            

        CLASS   BIGSFR         

        CLASS   CONFIG         
                config                           300000   300000        A         4

        CLASS   IDLOC          

        CLASS   EEDATA         

        CLASS   FARRAM         

        CLASS   HEAP           

        CLASS   STACK          



SEGMENTS        Name                           Load    Length   Top    Selector   Space  Class

                reset_vec                      000000  000004  000004         0       0  CODE    
                text9                          001002  00099C  00199E       801       0  CODE    
                text6                          001BD0  000116  001CE6       6F4       0  CODE    
                text7                          0019A0  00022E  001BCE       668       0  CODE    
                smallconst                     001000  000002  001002       800       0  SMALLCON
                ivt0x8                         000008  0000AA  0000B2         4       0  CODE    
                cstackCOMRAM                   000001  00005A  00005B         1       1  COMRAM  
                cstackBANK0                    000060  000001  000061        60       1  BANK0   


UNUSED ADDRESS RANGES

        Name                Unused          Largest block    Delta
        BANK0            000061-0000FF               9F
        BANK1            000100-0001FF              100
        BANK10           000A00-000AFF              100
        BANK11           000B00-000BFF              100
        BANK12           000C00-000CFF              100
        BANK13           000D00-000DFF              100
        BANK14           000E00-000EFF              100
        BANK15           000F00-000FFF              100
        BANK2            000200-0002FF              100
        BANK3            000300-0003FF              100
        BANK4            000400-0004FF              100
        BANK5            000500-0005FF              100
        BANK6            000600-0006FF              100
        BANK7            000700-0007FF              100
        BANK8            000800-0008FF              100
        BANK9            000900-0009FF              100
        BIGRAM           00005B-00005F                5
                         000061-000FFF              F9F
        BIGSFR           003800-003FFF              800
        CODE             000004-000007                4
                         0000B2-000FFF              F4E
                         00199E-00199F                2
                         001BCE-001BCF                2
                         001CE6-00FFFF             E31A
        COMRAM           00005B-00005F                5
        CONST            000004-000007                4
                         0000B2-000FFF              F4E
                         00199E-00199F                2
                         001BCE-001BCF                2
                         001CE6-00FFFF             E31A
        EEDATA           310000-3103FF              400
        IDLOC            200000-20000F               10
        MEDIUMCONST      00199E-00199F                2
                         001BCE-001BCF                2
                         001CE6-00FFFF             E31A
        RAM              000061-000FFF              100
        SFR              003800-003FFF              100
        SMALLCONST       00199E-00199F                2
                         001BCE-001BCF                2
                         001CE6-00FFFF              100

                                  Symbol Table

?___fldiv                        cstackCOMRAM 000028
?___flmul                        cstackCOMRAM 00000F
?___xxtofl                       cstackCOMRAM 000001
ADC_ISR@F15671                   bssCOMRAM    000050
ADC_ISR@adc_value                cstackCOMRAM 000043
ADC_ISR@stage                    bssCOMRAM    000052
IVTBASEH                         (abs)        003FD6
IVTBASEL                         (abs)        003FD5
IVTBASEU                         (abs)        003FD7
TMR0_ISR@counter_100_ms          dataCOMRAM   000059
TMR0_ISR@counter_1_s             dataCOMRAM   00005A
_ADCLKbits                       (abs)        003EFF
_ADCON0bits                      (abs)        003EF8
_ADCON1bits                      (abs)        003EF9
_ADC_ISR                         text7        0019A0
_ADPCHbits                       (abs)        003EF1
_ADRES                           (abs)        003EEF
_ANSELA                          (abs)        003A40
_ANSELB                          (abs)        003A50
_INTCON0bits                     (abs)        003FD2
_LATA                            (abs)        003FBA
_LATAbits                        (abs)        003FBA
_LATB                            (abs)        003FBB
_PIE1bits                        (abs)        003991
_PIE3bits                        (abs)        003993
_PIR1bits                        (abs)        0039A1
_PIR3bits                        (abs)        0039A3
_T0CON0bits                      (abs)        003FB8
_T0CON1bits                      (abs)        003FB9
_TMR0                            (abs)        003FB6
_TMR0_ISR                        text6        001BD0
_TRISA                           (abs)        003FC2
_TRISB                           (abs)        003FC3
__HRAM                           (abs)        000000
__H__absolute__                  __absolute__ 000000
__Habs1                          abs1         000000
__Hbank0                         bank0        000000
__Hbank1                         bank1        000000
__Hbank10                        bank10       000000
__Hbank11                        bank11       000000
__Hbank12                        bank12       000000
__Hbank13                        bank13       000000
__Hbank14                        bank14       000000
__Hbank15                        bank15       000000
__Hbank2                         bank2        000000
__Hbank3                         bank3        000000
__Hbank4                         bank4        000000
__Hbank5                         bank5        000000
__Hbank6                         bank6        000000
__Hbank7                         bank7        000000
__Hbank8                         bank8        000000
__Hbank9                         bank9        000000
__Hbigbss                        bigbss       000000
__Hbigdata                       bigdata      000000
__Hbigram                        bigram       000000
__Hbigsfr                        bigsfr       000000
__Hbss                           bss          000000
__HbssCOMRAM                     bssCOMRAM    000000
__Hcinit                         cinit        000000
__Hclrtext                       clrtext      000000
__Hcomram                        comram       000000
__Hconfig                        config       30000A
__Hconst                         const        000000
__HcstackBANK0                   cstackBANK0  000000
__HcstackCOMRAM                  cstackCOMRAM 000000
__Hdata                          data         000000
__HdataCOMRAM                    dataCOMRAM   000000
__Heeprom_data                   eeprom_data  000000
__Hfarbss                        farbss       000000
__Hfardata                       fardata      000000
__Hheap                          heap         000000
__Hibigdata                      ibigdata     000000
__Hidata                         idata        000000
__HidataCOMRAM                   idataCOMRAM  000000
__Hidloc                         idloc        000000
__Hifardata                      ifardata     000000
__Hinit                          init         0000B2
__Hintsave_regs                  intsave_regs 000000
__Hirdata                        irdata       000000
__Hivt0x8                        ivt0x8       0000AE
__Hmediumconst                   mediumconst  000000
__HnvFARRAM                      nvFARRAM     000000
__Hnvbit                         nvbit        000000
__Hnvrram                        nvrram       000000
__Hparam                         rparam       000000
__Hpowerup                       powerup      000000
__Hram                           ram          000000
__Hramtop                        ramtop       001000
__Hrbit                          rbit         000000
__Hrbss                          rbss         000000
__Hrdata                         rdata        000000
__Hreset_vec                     reset_vec    000004
__Hrparam                        rparam       000000
__Hsfr                           sfr          000000
__Hsmallconst                    smallconst   001002
__Hspace_0                       (abs)        001CE6
__Hspace_1                       (abs)        000061
__Hspace_2                       (abs)        000000
__Hspace_4                       (abs)        60000A
__Hstack                         stack        000000
__Hstruct                        struct       000000
__Htemp                          temp         000000
__Htext                          text         000000
__Htext0                         text0        000000
__Htext1                         text1        000000
__Htext10                        text10       000000
__Htext2                         text2        000000
__Htext3                         text3        000000
__Htext4                         text4        000000
__Htext5                         text5        000000
__Htext6                         text6        000000
__Htext7                         text7        000000
__Htext8                         text8        000000
__Htext9                         text9        000000
__LRAM                           (abs)        000001
__L__absolute__                  __absolute__ 000000
__Labs1                          abs1         000000
__Lbank0                         bank0        000000
__Lbank1                         bank1        000000
__Lbank10                        bank10       000000
__Lbank11                        bank11       000000
__Lbank12                        bank12       000000
__Lbank13                        bank13       000000
__Lbank14                        bank14       000000
__Lbank15                        bank15       000000
__Lbank2                         bank2        000000
__Lbank3                         bank3        000000
__Lbank4                         bank4        000000
__Lbank5                         bank5        000000
__Lbank6                         bank6        000000
__Lbank7                         bank7        000000
__Lbank8                         bank8        000000
__Lbank9                         bank9        000000
__Lbigbss                        bigbss       000000
__Lbigdata                       bigdata      000000
__Lbigram                        bigram       000000
__Lbigsfr                        bigsfr       000000
__Lbss                           bss          000000
__LbssCOMRAM                     bssCOMRAM    000000
__Lcinit                         cinit        000000
__Lclrtext                       clrtext      000000
__Lcomram                        comram       000000
__Lconfig                        config       000000
__Lconst                         const        000000
__LcstackBANK0                   cstackBANK0  000000
__LcstackCOMRAM                  cstackCOMRAM 000000
__Ldata                          data         000000
__LdataCOMRAM                    dataCOMRAM   000000
__Leeprom_data                   eeprom_data  000000
__Lfarbss                        farbss       000000
__Lfardata                       fardata      000000
__Lheap                          heap         000000
__Libigdata                      ibigdata     000000
__Lidata                         idata        000000
__LidataCOMRAM                   idataCOMRAM  000000
__Lidloc                         idloc        000000
__Lifardata                      ifardata     000000
__Linit                          init         0000AE
__Lintsave_regs                  intsave_regs 000000
__Lirdata                        irdata       000000
__Livt0x8                        ivt0x8       000008
__Lmediumconst                   mediumconst  000000
__LnvFARRAM                      nvFARRAM     000000
__Lnvbit                         nvbit        000000
__Lnvrram                        nvrram       000000
__Lparam                         rparam       000000
__Lpowerup                       powerup      000000
__Lram                           ram          000000
__Lramtop                        ramtop       001000
__Lrbit                          rbit         000000
__Lrbss                          rbss         000000
__Lrdata                         rdata        000000
__Lreset_vec                     reset_vec    000000
__Lrparam                        rparam       000000
__Lsfr                           sfr          000000
__Lsmallconst                    smallconst   001000
__Lspace_0                       (abs)        000000
__Lspace_1                       (abs)        000000
__Lspace_2                       (abs)        000000
__Lspace_4                       (abs)        000000
__Lstack                         stack        000000
__Lstruct                        struct       000000
__Ltemp                          temp         000000
__Ltext                          text         000000
__Ltext0                         text0        000000
__Ltext1                         text1        000000
__Ltext10                        text10       000000
__Ltext2                         text2        000000
__Ltext3                         text3        000000
__Ltext4                         text4        000000
__Ltext5                         text5        000000
__Ltext6                         text6        000000
__Ltext7                         text7        000000
__Ltext8                         text8        000000
__Ltext9                         text9        000000
__S0                             (abs)        001CE6
__S1                             (abs)        000061
__S4                             (abs)        000000
__S5                             (abs)        000000
___fldiv                         text10       001450
___fldiv@a                       cstackCOMRAM 00002C
___fldiv@aexp                    cstackCOMRAM 000040
___fldiv@b                       cstackCOMRAM 000028
___fldiv@bexp                    cstackCOMRAM 00003F
___fldiv@grs                     cstackCOMRAM 00003B
___fldiv@new_exp                 cstackCOMRAM 000039
___fldiv@rem                     cstackCOMRAM 000034
___fldiv@sign                    cstackCOMRAM 000038
___flmul                         text9        001002
___flmul@a                       cstackCOMRAM 000013
___flmul@aexp                    cstackCOMRAM 000020
___flmul@b                       cstackCOMRAM 00000F
___flmul@bexp                    cstackCOMRAM 000021
___flmul@grs                     cstackCOMRAM 00001C
___flmul@prod                    cstackCOMRAM 000022
___flmul@sign                    cstackCOMRAM 00001B
___flmul@temp                    cstackCOMRAM 000026
___heap_hi                       (abs)        000000
___heap_lo                       (abs)        000000
___inthi_sp                      stack        000000
___inthi_stack_hi                stack        000000
___inthi_stack_lo                stack        000000
___intlo_sp                      stack        000000
___intlo_stack_hi                stack        000000
___intlo_stack_lo                stack        000000
___param_bank                    (abs)        000000
___rparam_used                   (abs)        000001
___sp                            stack        000000
___stack_hi                      stack        000000
___stack_lo                      stack        000000
___xxtofl                        text8        0017EA
___xxtofl@arg                    cstackCOMRAM 00000B
___xxtofl@exp                    cstackCOMRAM 00000A
___xxtofl@sign                   cstackCOMRAM 000009
___xxtofl@val                    cstackCOMRAM 000001
__accesstop                      (abs)        000060
__activetblptr                   (abs)        000002
__end_of_ADC_ISR                 text7        001ACE
__end_of_TMR0_ISR                text6        001C48
__end_of___fldiv                 text10       0017EA
__end_of___flmul                 text9        001450
__end_of___xxtofl                text8        00199E
__end_of__initialization         cinit        001C7C
__end_of_init_adc                text5        001CB6
__end_of_init_timers             text4        001CDA
__end_of_isr_disable             text3        001CE4
__end_of_isr_enable              text2        001CE0
__end_of_main                    text0        001BCE
__end_of_set_local_timer_flags   text1        001B54
__initialization                 cinit        001C48
__mediumconst                    mediumconst  000000
__pbssCOMRAM                     bssCOMRAM    000045
__pcinit                         cinit        001C48
__pcstackBANK0                   cstackBANK0  000060
__pcstackCOMRAM                  cstackCOMRAM 000001
__pdataCOMRAM                    dataCOMRAM   000059
__pidataCOMRAM                   idataCOMRAM  001CE4
__pivt0x8                        ivt0x8       000008
__psmallconst                    smallconst   001000
__ptext0                         text0        001B54
__ptext1                         text1        001ACE
__ptext10                        text10       001450
__ptext2                         text2        001CDA
__ptext3                         text3        001CE0
__ptext4                         text4        001CB6
__ptext5                         text5        001C86
__ptext6                         text6        001BD0
__ptext7                         text7        0019A0
__ptext8                         text8        0017EA
__ptext9                         text9        001002
__ramtop                         ramtop       001000
__smallconst                     smallconst   001000
_flag_100_ms                     bssCOMRAM    000057
_flag_10_ms                      bssCOMRAM    000058
_flag_1_s                        bssCOMRAM    000056
_init_adc                        text5        001C86
_init_timers                     text4        001CB6
_isr_disable                     text3        001CE0
_isr_enable                      text2        001CDA
_main                            text0        001B54
_set_local_timer_flags           text1        001ACE
_thermistor_1                    bssCOMRAM    000049
_thermistor_2                    bssCOMRAM    000045
_timers                          bssCOMRAM    00004D
end_of_initialization            cinit        001C7C
intlevel0                        text         000000
intlevel1                        text         000000
intlevel2                        text         000000
intlevel3                        text         000000
isa$std                          (abs)        000001
isa$xinst                        (abs)        000000
ivt0x8_base                      ivt0x8       000008
ivt0x8_undefint                  ivt0x8       0000AC
set_local_timer_flags@old_100_ms bssCOMRAM    000054
set_local_timer_flags@old_10_ms  bssCOMRAM    000055
set_local_timer_flags@old_1_s    bssCOMRAM    000053
stackhi                          (abs)        000000
stacklo                          (abs)        000000
start                            init         0000AE
start_initialization             cinit        001C48


MODULE INFORMATION

Module		Function		Class		Link	Load	Size
/Applications/microchip/xc8/v2.45/pic/sources/c99/common/sprcmul.c
		___flmul       		CODE           	1002	0000	1102

/Applications/microchip/xc8/v2.45/pic/sources/c99/common/sprcmul.c estimated size: 1102

/Applications/microchip/xc8/v2.45/pic/sources/c99/common/sprcdiv.c
		___fldiv       		CODE           	1450	0000	922

/Applications/microchip/xc8/v2.45/pic/sources/c99/common/sprcdiv.c estimated size: 922

adc.c
		_init_adc      		CODE           	1C86	0000	48

adc.c estimated size: 48

/Applications/microchip/xc8/v2.45/pic/sources/c99/common/xxtofl.c
		___xxtofl      		CODE           	17EA	0000	436

/Applications/microchip/xc8/v2.45/pic/sources/c99/common/xxtofl.c estimated size: 436

isr.c
		_isr_disable   		CODE           	1CE0	0000	4
		_init_timers   		CODE           	1CB6	0000	36
		_isr_enable    		CODE           	1CDA	0000	6
		_ADC_ISR       		CODE           	19A0	0000	302
		_TMR0_ISR      		CODE           	1BD0	0000	120

isr.c estimated size: 468

shared
		__initialization		CODE           	1C48	0000	52

shared estimated size: 52

main.c
		_main          		CODE           	1B54	0000	122
		_set_local_timer_flags		CODE           	1ACE	0000	134

main.c estimated size: 256

